[e2e] starting the registry the sibling artifacts are pulled from (localhost:16010)
 Container parlor-e2e-registry-1 Running 
 Container parlor-e2e-registry-1 Waiting 
 Container parlor-e2e-registry-1 Healthy 
[e2e] registry up in 1s
[e2e] sibling artifacts: 2/2 already published at localhost:16010, nothing to pull
[e2e] building images (budget 1800s)
[e2e]   parlor    <- . (no build args: the BFF reads IDENTITY_URL at run time)
[e2e]   identity, guard, postgres, redis, nginx and registry: pulled, not built
[e2e]   edge      <- nginx, a pinned image: see e2e/edge.conf for why it exists
 Image cafaye/e2e-parlor:local Building 
#1 [internal] load local bake definitions
#1 reading from stdin 580B done
#1 DONE 0.0s

#2 [internal] load build definition from Dockerfile
#2 transferring dockerfile: 5.77kB done
#2 DONE 0.1s

#3 resolve image config for docker-image://docker.io/docker/dockerfile:1
#3 DONE 1.4s

#4 docker-image://docker.io/docker/dockerfile:1@sha256:4edf897a3ffa55b89f906fc8cc78afdb3f1834cc9c7083565e611a8a7d5fe99e
#4 CACHED

#5 [internal] load metadata for docker.io/library/node:22.22.2-slim
#5 DONE 0.0s

#6 [internal] load .dockerignore
#6 transferring context: 142B done
#6 DONE 0.0s

#7 [base 1/1] FROM docker.io/library/node:22.22.2-slim
#7 DONE 0.0s

#8 [internal] load build context
#8 transferring context: 1.53MB 0.0s done
#8 DONE 0.1s

#9 [deps 1/3] WORKDIR /app
#9 CACHED

#10 [deps 2/3] COPY package.json package-lock.json .npmrc ./
#10 CACHED

#11 [deps 3/3] RUN npm ci --include=dev
#11 CACHED

#12 [builder 2/4] COPY --from=deps /app/node_modules ./node_modules
#12 CACHED

#13 [builder 3/4] COPY . .
#13 DONE 0.1s

#14 [builder 4/4] RUN npm run build
#14 0.645 
#14 0.645 > parlor@0.1.0 build
#14 0.645 > next build
#14 0.645 
#14 1.216 ▲ Next.js 16.3.7 (Turbopack)
#14 1.517 ✓ Running next.config.ts took 300ms
#14 1.527 
#14 1.573   Creating an optimized production build ...
#14 8.673 ✓ Compiled successfully in 6.9s
#14 8.681   Running TypeScript ...
#14 15.33   Finished TypeScript in 6.6s ...
#14 15.33   Collecting page data using 7 workers ...
#14 16.28   Generating static pages using 7 workers (0/15) ...
#14 16.75   Generating static pages using 7 workers (3/15) 
#14 16.76   Generating static pages using 7 workers (7/15) 
#14 16.81   Generating static pages using 7 workers (11/15) 
#14 16.86 ✓ Generating static pages using 7 workers (15/15) in 578ms
#14 16.87   Finalizing page optimization ...
#14 17.13 
#14 17.13 Route (app)
#14 17.13 ┌ ○ /
#14 17.13 ├ ○ /_not-found
#14 17.13 ├ ○ /accounts
#14 17.13 ├ ƒ /accounts/[accountId]
#14 17.13 ├ ○ /billing/customers
#14 17.13 ├ ○ /billing/plans
#14 17.13 ├ ○ /forgot-password
#14 17.13 ├ ƒ /healthz
#14 17.13 ├ ƒ /invitations/[token]
#14 17.13 ├ ƒ /login
#14 17.13 ├ ƒ /readyz
#14 17.13 ├ ○ /register
#14 17.13 ├ ƒ /reset-password
#14 17.13 ├ ƒ /v1/[...path]
#14 17.13 ├ ○ /verify-email
#14 17.13 └ ƒ /verify-email/confirm
#14 17.13 
#14 17.13 
#14 17.13 ○  (Static)   prerendered as static content
#14 17.13 ƒ  (Dynamic)  server-rendered on demand
#14 17.13 
#14 17.17 npm notice
#14 17.17 npm notice New major version of npm available! 10.9.7 -> 12.2.0
#14 17.17 npm notice Changelog: https://github.com/npm/cli/releases/tag/v12.2.0
#14 17.17 npm notice To update run: npm install -g npm@12.2.0
#14 17.17 npm notice
#14 DONE 17.4s

#15 [runner 3/5] RUN groupadd --system --gid 1001 nodejs  && useradd --system --uid 1001 --gid nodejs nextjs
#15 CACHED

#16 [runner 4/5] COPY --from=builder --chown=nextjs:nodejs /app/.next/standalone ./
#16 DONE 0.3s

#17 [runner 5/5] COPY --from=builder --chown=nextjs:nodejs /app/.next/static ./.next/static
#17 DONE 0.1s

#18 exporting to image
#18 exporting layers
#18 exporting layers 0.3s done
#18 writing image sha256:50cfbc434b9c5482a10239ffc4faa220e4ecf5059cce602d6f8eb9cfb92910ac done
#18 naming to docker.io/cafaye/e2e-parlor:local done
#18 DONE 0.3s

#19 resolving provenance for metadata file
#19 DONE 0.0s
 Image cafaye/e2e-parlor:local Built 
[e2e] images built in 21s
[e2e] starting the stack in project parlor-e2e
 Container parlor-e2e-guard-redis-1 Running 
 Container parlor-e2e-registry-1 Running 
 Container parlor-e2e-identity-postgres-1 Running 
 Container parlor-e2e-identity-1 Running 
 Container parlor-e2e-parlor-1 Recreate 
 Container parlor-e2e-guard-1 Running 
 Container parlor-e2e-parlor-1 Recreated 
 Container parlor-e2e-edge-1 Recreate 
 Container parlor-e2e-edge-1 Recreated 
 Container parlor-e2e-identity-postgres-1 Waiting 
 Container parlor-e2e-identity-postgres-1 Healthy 
 Container parlor-e2e-guard-redis-1 Waiting 
 Container parlor-e2e-parlor-1 Starting 
 Container parlor-e2e-parlor-1 Started 
 Container parlor-e2e-parlor-1 Waiting 
 Container parlor-e2e-guard-redis-1 Healthy 
 Container parlor-e2e-parlor-1 Healthy 
 Container parlor-e2e-edge-1 Starting 
 Container parlor-e2e-edge-1 Started 
[e2e] containers started in 7s (dependency health ordered)
[e2e] applying identity's migrations (../identity/migrations)
2026/10/03 00:13:01 goose: no migrations to run. current version: 15
[e2e] migrations applied in 1s
[e2e] waiting for /readyz on identity-postgres identity guard parlor edge (budget 180s each)
[e2e]   identity ready after 0s (1 polls) — http://127.0.0.1:16080/readyz
[e2e]   guard ready after 0s (1 polls) — http://127.0.0.1:16081/readyz
[e2e]   parlor ready after 0s (1 polls) — http://127.0.0.1:16003/readyz
[e2e]   edge ready after 0s (1 polls) — http://127.0.0.1:16000/readyz
[e2e] the whole stack is ready
[e2e] edge    http://127.0.0.1:16000   <- the origin the browser uses
[e2e] parlor  http://127.0.0.1:16003   <- the app directly
[e2e] identity http://127.0.0.1:16080
[e2e] guard   http://127.0.0.1:16081
[e2e] ensuring the chromium build for @playwright/test is installed
[e2e] running the end-to-end suite

Running 23 tests using 1 worker

[1/23] [chromium] › e2e/design-system.e2e.spec.ts:130:5 › every interactive primitive is keyboard-reachable and paints a visible focus ring
[2/23] [chromium] › e2e/design-system.e2e.spec.ts:220:5 › the focus ring is visible against the surface it is drawn on
[3/23] [chromium] › e2e/design-system.e2e.spec.ts:262:5 › text on the page meets the 4.5:1 text floor in the browser, not just on paper
[4/23] [chromium] › e2e/design-system.e2e.spec.ts:355:5 › prefers-color-scheme: dark actually repaints the page
[5/23] [chromium] › e2e/design-system.e2e.spec.ts:399:5 › the account's destructive actions are confirmed, and the dialog is keyboard-only operable
[6/23] [chromium] › e2e/design-system.e2e.spec.ts:475:5 › a busy control keeps its accessible name, in a real browser
[7/23] [chromium] › e2e/email-verification.e2e.spec.ts:101:5 › asking for a verification link never promises a mail this deployment cannot send
[8/23] [chromium] › e2e/email-verification.e2e.spec.ts:129:5 › a verification link that cannot be used says so and offers a new one, for a real 404
[9/23] [chromium] › e2e/email-verification.e2e.spec.ts:163:5 › a verification link with no code in it explains itself rather than rendering a button that cannot work
[10/23] [chromium] › e2e/email-verification.e2e.spec.ts:177:5 › a created account is never un-said when the verification mail cannot be sent
[11/23] [chromium] › e2e/email-verification.e2e.spec.ts:207:5 › the sign in screen offers the way to ask for a link, without saying anything about the address
[12/23] [chromium] › e2e/email-verification.e2e.spec.ts:225:5 › an address that has no account and one that does are answered identically
[13/23] [chromium] › e2e/password-reset.e2e.spec.ts:104:5 › asking for a reset link never promises a mail this deployment cannot send
[14/23] [chromium] › e2e/password-reset.e2e.spec.ts:135:5 › a link that cannot be used says so and offers a new one, for a real 404
[15/23] [chromium] › e2e/password-reset.e2e.spec.ts:174:5 › a link with no token explains itself rather than rendering a form that cannot work
[16/23] [chromium] › e2e/password-reset.e2e.spec.ts:188:5 › the sign in screen offers the way out, and nothing about it leaks an address
[17/23] [chromium] › e2e/password-reset.e2e.spec.ts:204:5 › an address that has no account and one that does are answered identically
[18/23] [chromium] › e2e/session.e2e.spec.ts:119:5 › a person can create an account and sign in to it
[19/23] [chromium] › e2e/session.e2e.spec.ts:150:5 › the session survives a page load, so a signed-in person can reach their accounts
[20/23] [chromium] › e2e/session.e2e.spec.ts:257:5 › a wrong password and an unknown address say exactly the same thing
[21/23] [chromium] › e2e/stack.e2e.spec.ts:62:5 › every service in the stack reports itself ready, from the outside
[22/23] [chromium] › e2e/stack.e2e.spec.ts:107:5 › the gateway refuses a caller that cannot prove who they are
[23/23] [chromium] › e2e/stack.e2e.spec.ts:120:5 › the gateway's browser surface is pointed at this stack's identity
[e2e] scanned 0 produced file(s), archive members included, for 2 session token(s): none found
[e2e] no report yet; tests/assert-e2e-ran.mjs is the authority on it
  23 passed (10.7s)
[e2e] the tier ran: 23 passed, 0 failed, 0 skipped, 0 retried
[e2e] end-to-end tier finished in 43s
[e2e] stopping parlor-e2e and deleting its volumes
[e2e]  Container parlor-e2e-registry-1 Stopping 
[e2e]  Container parlor-e2e-guard-1 Stopping 
[e2e]  Container parlor-e2e-edge-1 Stopping 
[e2e]  Container parlor-e2e-edge-1 Stopped 
[e2e]  Container parlor-e2e-edge-1 Removing 
[e2e]  Container parlor-e2e-edge-1 Removed 
[e2e]  Container parlor-e2e-parlor-1 Stopping 
[e2e]  Container parlor-e2e-registry-1 Stopped 
[e2e]  Container parlor-e2e-registry-1 Removing 
[e2e]  Container parlor-e2e-registry-1 Removed 
[e2e]  Container parlor-e2e-parlor-1 Stopped 
[e2e]  Container parlor-e2e-parlor-1 Removing 
[e2e]  Container parlor-e2e-parlor-1 Removed 
[e2e]  Container parlor-e2e-guard-1 Stopped 
[e2e]  Container parlor-e2e-guard-1 Removing 
[e2e]  Container parlor-e2e-guard-1 Removed 
[e2e]  Container parlor-e2e-identity-1 Stopping 
[e2e]  Container parlor-e2e-guard-redis-1 Stopping 
[e2e]  Container parlor-e2e-identity-1 Stopped 
[e2e]  Container parlor-e2e-identity-1 Removing 
[e2e]  Container parlor-e2e-identity-1 Removed 
[e2e]  Container parlor-e2e-identity-postgres-1 Stopping 
[e2e]  Container parlor-e2e-guard-redis-1 Stopped 
[e2e]  Container parlor-e2e-guard-redis-1 Removing 
[e2e]  Container parlor-e2e-guard-redis-1 Removed 
[e2e]  Container parlor-e2e-identity-postgres-1 Stopped 
[e2e]  Container parlor-e2e-identity-postgres-1 Removing 
[e2e]  Container parlor-e2e-identity-postgres-1 Removed 
[e2e]  Volume parlor-e2e_guard-redis-data Removing 
[e2e]  Volume parlor-e2e_identity-postgres-data Removing 
[e2e]  Network parlor-e2e_platform Removing 
[e2e]  Volume parlor-e2e_guard-redis-data Removed 
[e2e]  Volume parlor-e2e_identity-postgres-data Removed 
[e2e]  Network parlor-e2e_platform Removed 
[e2e] stopped
timeout 900 ./bin/e2e  13.63s user 4.08s system 31% cpu 55.904 total
TIER_EXIT=0
