=== BEFORE evidence: sibling builds, warm-ish cache ===
2026-10-02T20:47:45Z
--- docker info ---
29.4.0

=== time docker compose build identity (warm) ===
#7 [runtime 1/3] FROM gcr.io/distroless/static-debian12:nonroot
#7 DONE 0.0s

#8 [internal] load build context
#8 transferring context: 5.76MB 0.2s done
#8 DONE 0.2s

#9 [build 3/6] COPY go.mod go.sum ./
#9 CACHED

#10 [build 2/6] WORKDIR /src
#10 CACHED

#11 [build 4/6] RUN go mod download
#11 CACHED

#12 [build 5/6] COPY . .
#12 DONE 1.8s

#13 [build 6/6] RUN go build -trimpath -ldflags="-s -w" -o /out/service ./cmd/identity
#13 DONE 15.9s

#14 [runtime 2/3] WORKDIR /app
#14 CACHED

#15 [runtime 3/3] COPY --from=build /out/service /app/service
#15 DONE 0.0s

#16 exporting to image
#16 exporting layers 0.1s done
#16 writing image sha256:c80f505969226c25c4f01ac6963e729c56f7b38ab3e0743444fe02a607fbf54b done
#16 naming to docker.io/cafaye/e2e-identity:local done
#16 DONE 0.1s

#17 resolving provenance for metadata file
#17 DONE 0.0s
 Image cafaye/e2e-identity:local Built 
real 20.67
user 0.32
sys 0.35
